lib/crussader-assistant/pipeline/assistantPipeline.ts(18,8): error TS2307: Cannot find module '../functions/assistantPipelineHelpers' or its corresponding type declarations.
